// Jest Snapshot v1, https://goo.gl/fbAQLP

exports[`veTable row checkbox render 1`] = `
<div class="ve-table ve-table-border-around">
  <div class="ve-table-container ve-table-enable-cell-selection" style="height: 0px;">
    <div class="ve-table-content-wrapper">
      <table class="ve-table-content ve-table-border-x">
        <colgroup>
          <col style="width: 50px;">
          <col style="width: 200px;">
          <col style="width: 300px;">
          <col>
        </colgroup>
        <thead class="ve-table-fixed-header ve-table-header">
          <tr class="ve-table-header-tr">
            <th rowspan="1" colspan="1" class="ve-table-header-th" style="text-align: center; top: 0px;"><label class="ve-checkbox ve-table-checkbox-wrapper" style="display: inline-block;"><span class="ve-checkbox-content"><input type="checkbox" class="ve-checkbox-input" value=""><span class="ve-checkbox-inner"></span></span><span class="ve-checkbox-label"></span></label></th>
            <th rowspan="1" colspan="1" class="ve-table-header-th" style="text-align: left; top: 0px;">Name</th>
            <th rowspan="1" colspan="1" class="ve-table-header-th" style="text-align: left; top: 0px;">Hobby</th>
            <th rowspan="1" colspan="1" class="ve-table-header-th ve-table-last-column" style="text-align: left; top: 0px;">Address</th>
          </tr>
        </thead>
        <tbody class="ve-table-body ve-table-row-hover ve-table-row-highlight">
          <tr style="height: 0px;">
            <td style="padding: 0px; border: 0px; height: 0px;"></td>
            <td style="padding: 0px; border: 0px; height: 0px;"></td>
            <td style="padding: 0px; border: 0px; height: 0px;"></td>
            <td style="padding: 0px; border: 0px; height: 0px;"></td>
          </tr>
          <tr row-key="1001" class="ve-table-body-tr">
            <td rowspan="1" colspan="1" col-key="a" class="ve-table-body-td" style="text-align: center;"><label class="ve-checkbox ve-table-checkbox-wrapper" style="display: inline-block;"><span class="ve-checkbox-content"><input type="checkbox" class="ve-checkbox-input" value=""><span class="ve-checkbox-inner"></span></span><span class="ve-checkbox-label"></span></label></td>
            <td rowspan="1" colspan="1" col-key="b" class="ve-table-body-td" style="text-align: left;">John</td>
            <td rowspan="1" colspan="1" col-key="c" class="ve-table-body-td" style="text-align: left;">coding</td>
            <td rowspan="1" colspan="1" col-key="d" class="ve-table-body-td" style="text-align: left;">No.1 Century Avenue, Shanghai</td>
          </tr>
          <tr row-key="1002" class="ve-table-body-tr">
            <td rowspan="1" colspan="1" col-key="a" class="ve-table-body-td" style="text-align: center;"><label class="ve-checkbox ve-table-checkbox-wrapper" style="display: inline-block;"><span class="ve-checkbox-content"><input type="checkbox" class="ve-checkbox-input" value=""><span class="ve-checkbox-inner"></span></span><span class="ve-checkbox-label"></span></label></td>
            <td rowspan="1" colspan="1" col-key="b" class="ve-table-body-td" style="text-align: left;">Dickerson</td>
            <td rowspan="1" colspan="1" col-key="c" class="ve-table-body-td" style="text-align: left;">coding</td>
            <td rowspan="1" colspan="1" col-key="d" class="ve-table-body-td" style="text-align: left;">No.1 Century Avenue, Beijing</td>
          </tr>
          <tr row-key="1003" class="ve-table-body-tr">
            <td rowspan="1" colspan="1" col-key="a" class="ve-table-body-td" style="text-align: center;"><label class="ve-checkbox ve-table-checkbox-wrapper" style="display: inline-block;"><span class="ve-checkbox-content"><input type="checkbox" class="ve-checkbox-input" value=""><span class="ve-checkbox-inner"></span></span><span class="ve-checkbox-label"></span></label></td>
            <td rowspan="1" colspan="1" col-key="b" class="ve-table-body-td" style="text-align: left;">Larsen</td>
            <td rowspan="1" colspan="1" col-key="c" class="ve-table-body-td" style="text-align: left;">coding and coding repeat</td>
            <td rowspan="1" colspan="1" col-key="d" class="ve-table-body-td" style="text-align: left;">No.1 Century Avenue, Chongqing</td>
          </tr>
          <tr row-key="1004" class="ve-table-body-tr">
            <td rowspan="1" colspan="1" col-key="a" class="ve-table-body-td" style="text-align: center;"><label class="ve-checkbox ve-table-checkbox-wrapper" style="display: inline-block;"><span class="ve-checkbox-content"><input type="checkbox" class="ve-checkbox-input" value=""><span class="ve-checkbox-inner"></span></span><span class="ve-checkbox-label"></span></label></td>
            <td rowspan="1" colspan="1" col-key="b" class="ve-table-body-td" style="text-align: left;">Geneva</td>
            <td rowspan="1" colspan="1" col-key="c" class="ve-table-body-td" style="text-align: left;">coding and coding repeat</td>
            <td rowspan="1" colspan="1" col-key="d" class="ve-table-body-td" style="text-align: left;">No.1 Century Avenue, Xiamen</td>
          </tr>
          <tr row-key="1005" class="ve-table-body-tr">
            <td rowspan="1" colspan="1" col-key="a" class="ve-table-body-td" style="text-align: center;"><label class="ve-checkbox ve-table-checkbox-wrapper" style="display: inline-block;"><span class="ve-checkbox-content"><input type="checkbox" class="ve-checkbox-input" value=""><span class="ve-checkbox-inner"></span></span><span class="ve-checkbox-label"></span></label></td>
            <td rowspan="1" colspan="1" col-key="b" class="ve-table-body-td" style="text-align: left;">Jami</td>
            <td rowspan="1" colspan="1" col-key="c" class="ve-table-body-td" style="text-align: left;">coding and coding repeat</td>
            <td rowspan="1" colspan="1" col-key="d" class="ve-table-body-td" style="text-align: left;">No.1 Century Avenue, Shenzhen</td>
          </tr>
        </tbody>
        <tfoot class="ve-table-fixed-footer ve-table-footer"></tfoot>
      </table>
      <div class="ve-table-selection-wrapper">
        <div class="ve-table-selection-fixed-left"></div>
        <div class="ve-table-selection-middle"></div>
        <div class="ve-table-selection-fixed-right"></div>
      </div>
    </div>
  </div>
  <div class="ve-table-edit-input-container" style="top: 0px; left: 0px; height: 1px; z-index: -1; opacity: 0;"><textarea tabindex="-1" class="ve-table-edit-input"></textarea></div>
</div>
`;
