// Jest Snapshot v1, https://goo.gl/fbAQLP

exports[`veTable virtual scroll render same row height 1`] = `
<div class="ve-table ve-table-border-around">
  <div class="ve-table-container ve-table-virtual-scroll ve-table-enable-cell-selection" style="max-height: 500px; height: 500px;">
    <div class="ve-table-virtual-phantom ve-table-virtual-scroll" style="height: 40000px;">
      <div style="width: 100%;"></div>
    </div>
    <div class="ve-table-content-wrapper">
      <table class="ve-table-content ve-table-border-x">
        <colgroup>
          <col style="width: 200px;">
          <col style="width: 300px;">
          <col>
        </colgroup>
        <thead class="ve-table-fixed-header ve-table-header">
          <tr class="ve-table-header-tr">
            <th rowspan="1" colspan="1" class="ve-table-header-th" style="text-align: left; top: 0px;">Name</th>
            <th rowspan="1" colspan="1" class="ve-table-header-th" style="text-align: left; top: 0px;">Hobby</th>
            <th rowspan="1" colspan="1" class="ve-table-header-th ve-table-last-column" style="text-align: left; top: 0px;">Address</th>
          </tr>
        </thead>
        <tbody class="ve-table-body ve-table-row-hover ve-table-row-highlight">
          <tr style="height: 0px;">
            <td style="padding: 0px; border: 0px; height: 0px;"></td>
            <td style="padding: 0px; border: 0px; height: 0px;"></td>
            <td style="padding: 0px; border: 0px; height: 0px;"></td>
          </tr>
          <tr row-key="0" class="ve-table-body-tr">
            <td rowspan="1" colspan="1" col-key="b" class="ve-table-body-td" style="text-align: left;">0</td>
            <td rowspan="1" colspan="1" col-key="c" class="ve-table-body-td" style="text-align: left;">0</td>
            <td rowspan="1" colspan="1" col-key="d" class="ve-table-body-td" style="text-align: left;">0</td>
          </tr>
          <tr row-key="1" class="ve-table-body-tr">
            <td rowspan="1" colspan="1" col-key="b" class="ve-table-body-td" style="text-align: left;">1</td>
            <td rowspan="1" colspan="1" col-key="c" class="ve-table-body-td" style="text-align: left;">1</td>
            <td rowspan="1" colspan="1" col-key="d" class="ve-table-body-td" style="text-align: left;">1</td>
          </tr>
          <tr row-key="2" class="ve-table-body-tr">
            <td rowspan="1" colspan="1" col-key="b" class="ve-table-body-td" style="text-align: left;">2</td>
            <td rowspan="1" colspan="1" col-key="c" class="ve-table-body-td" style="text-align: left;">2</td>
            <td rowspan="1" colspan="1" col-key="d" class="ve-table-body-td" style="text-align: left;">2</td>
          </tr>
          <tr row-key="3" class="ve-table-body-tr">
            <td rowspan="1" colspan="1" col-key="b" class="ve-table-body-td" style="text-align: left;">3</td>
            <td rowspan="1" colspan="1" col-key="c" class="ve-table-body-td" style="text-align: left;">3</td>
            <td rowspan="1" colspan="1" col-key="d" class="ve-table-body-td" style="text-align: left;">3</td>
          </tr>
          <tr row-key="4" class="ve-table-body-tr">
            <td rowspan="1" colspan="1" col-key="b" class="ve-table-body-td" style="text-align: left;">4</td>
            <td rowspan="1" colspan="1" col-key="c" class="ve-table-body-td" style="text-align: left;">4</td>
            <td rowspan="1" colspan="1" col-key="d" class="ve-table-body-td" style="text-align: left;">4</td>
          </tr>
          <tr row-key="5" class="ve-table-body-tr">
            <td rowspan="1" colspan="1" col-key="b" class="ve-table-body-td" style="text-align: left;">5</td>
            <td rowspan="1" colspan="1" col-key="c" class="ve-table-body-td" style="text-align: left;">5</td>
            <td rowspan="1" colspan="1" col-key="d" class="ve-table-body-td" style="text-align: left;">5</td>
          </tr>
          <tr row-key="6" class="ve-table-body-tr">
            <td rowspan="1" colspan="1" col-key="b" class="ve-table-body-td" style="text-align: left;">6</td>
            <td rowspan="1" colspan="1" col-key="c" class="ve-table-body-td" style="text-align: left;">6</td>
            <td rowspan="1" colspan="1" col-key="d" class="ve-table-body-td" style="text-align: left;">6</td>
          </tr>
          <tr row-key="7" class="ve-table-body-tr">
            <td rowspan="1" colspan="1" col-key="b" class="ve-table-body-td" style="text-align: left;">7</td>
            <td rowspan="1" colspan="1" col-key="c" class="ve-table-body-td" style="text-align: left;">7</td>
            <td rowspan="1" colspan="1" col-key="d" class="ve-table-body-td" style="text-align: left;">7</td>
          </tr>
          <tr row-key="8" class="ve-table-body-tr">
            <td rowspan="1" colspan="1" col-key="b" class="ve-table-body-td" style="text-align: left;">8</td>
            <td rowspan="1" colspan="1" col-key="c" class="ve-table-body-td" style="text-align: left;">8</td>
            <td rowspan="1" colspan="1" col-key="d" class="ve-table-body-td" style="text-align: left;">8</td>
          </tr>
          <tr row-key="9" class="ve-table-body-tr">
            <td rowspan="1" colspan="1" col-key="b" class="ve-table-body-td" style="text-align: left;">9</td>
            <td rowspan="1" colspan="1" col-key="c" class="ve-table-body-td" style="text-align: left;">9</td>
            <td rowspan="1" colspan="1" col-key="d" class="ve-table-body-td" style="text-align: left;">9</td>
          </tr>
          <tr row-key="10" class="ve-table-body-tr">
            <td rowspan="1" colspan="1" col-key="b" class="ve-table-body-td" style="text-align: left;">10</td>
            <td rowspan="1" colspan="1" col-key="c" class="ve-table-body-td" style="text-align: left;">10</td>
            <td rowspan="1" colspan="1" col-key="d" class="ve-table-body-td" style="text-align: left;">10</td>
          </tr>
          <tr row-key="11" class="ve-table-body-tr">
            <td rowspan="1" colspan="1" col-key="b" class="ve-table-body-td" style="text-align: left;">11</td>
            <td rowspan="1" colspan="1" col-key="c" class="ve-table-body-td" style="text-align: left;">11</td>
            <td rowspan="1" colspan="1" col-key="d" class="ve-table-body-td" style="text-align: left;">11</td>
          </tr>
          <tr row-key="12" class="ve-table-body-tr">
            <td rowspan="1" colspan="1" col-key="b" class="ve-table-body-td" style="text-align: left;">12</td>
            <td rowspan="1" colspan="1" col-key="c" class="ve-table-body-td" style="text-align: left;">12</td>
            <td rowspan="1" colspan="1" col-key="d" class="ve-table-body-td" style="text-align: left;">12</td>
          </tr>
          <tr row-key="13" class="ve-table-body-tr">
            <td rowspan="1" colspan="1" col-key="b" class="ve-table-body-td" style="text-align: left;">13</td>
            <td rowspan="1" colspan="1" col-key="c" class="ve-table-body-td" style="text-align: left;">13</td>
            <td rowspan="1" colspan="1" col-key="d" class="ve-table-body-td" style="text-align: left;">13</td>
          </tr>
          <tr row-key="14" class="ve-table-body-tr">
            <td rowspan="1" colspan="1" col-key="b" class="ve-table-body-td" style="text-align: left;">14</td>
            <td rowspan="1" colspan="1" col-key="c" class="ve-table-body-td" style="text-align: left;">14</td>
            <td rowspan="1" colspan="1" col-key="d" class="ve-table-body-td" style="text-align: left;">14</td>
          </tr>
          <tr row-key="15" class="ve-table-body-tr">
            <td rowspan="1" colspan="1" col-key="b" class="ve-table-body-td" style="text-align: left;">15</td>
            <td rowspan="1" colspan="1" col-key="c" class="ve-table-body-td" style="text-align: left;">15</td>
            <td rowspan="1" colspan="1" col-key="d" class="ve-table-body-td" style="text-align: left;">15</td>
          </tr>
          <tr row-key="16" class="ve-table-body-tr">
            <td rowspan="1" colspan="1" col-key="b" class="ve-table-body-td" style="text-align: left;">16</td>
            <td rowspan="1" colspan="1" col-key="c" class="ve-table-body-td" style="text-align: left;">16</td>
            <td rowspan="1" colspan="1" col-key="d" class="ve-table-body-td" style="text-align: left;">16</td>
          </tr>
          <tr row-key="17" class="ve-table-body-tr">
            <td rowspan="1" colspan="1" col-key="b" class="ve-table-body-td" style="text-align: left;">17</td>
            <td rowspan="1" colspan="1" col-key="c" class="ve-table-body-td" style="text-align: left;">17</td>
            <td rowspan="1" colspan="1" col-key="d" class="ve-table-body-td" style="text-align: left;">17</td>
          </tr>
          <tr row-key="18" class="ve-table-body-tr">
            <td rowspan="1" colspan="1" col-key="b" class="ve-table-body-td" style="text-align: left;">18</td>
            <td rowspan="1" colspan="1" col-key="c" class="ve-table-body-td" style="text-align: left;">18</td>
            <td rowspan="1" colspan="1" col-key="d" class="ve-table-body-td" style="text-align: left;">18</td>
          </tr>
          <tr row-key="19" class="ve-table-body-tr">
            <td rowspan="1" colspan="1" col-key="b" class="ve-table-body-td" style="text-align: left;">19</td>
            <td rowspan="1" colspan="1" col-key="c" class="ve-table-body-td" style="text-align: left;">19</td>
            <td rowspan="1" colspan="1" col-key="d" class="ve-table-body-td" style="text-align: left;">19</td>
          </tr>
          <tr row-key="20" class="ve-table-body-tr">
            <td rowspan="1" colspan="1" col-key="b" class="ve-table-body-td" style="text-align: left;">20</td>
            <td rowspan="1" colspan="1" col-key="c" class="ve-table-body-td" style="text-align: left;">20</td>
            <td rowspan="1" colspan="1" col-key="d" class="ve-table-body-td" style="text-align: left;">20</td>
          </tr>
          <tr row-key="21" class="ve-table-body-tr">
            <td rowspan="1" colspan="1" col-key="b" class="ve-table-body-td" style="text-align: left;">21</td>
            <td rowspan="1" colspan="1" col-key="c" class="ve-table-body-td" style="text-align: left;">21</td>
            <td rowspan="1" colspan="1" col-key="d" class="ve-table-body-td" style="text-align: left;">21</td>
          </tr>
          <tr row-key="22" class="ve-table-body-tr">
            <td rowspan="1" colspan="1" col-key="b" class="ve-table-body-td" style="text-align: left;">22</td>
            <td rowspan="1" colspan="1" col-key="c" class="ve-table-body-td" style="text-align: left;">22</td>
            <td rowspan="1" colspan="1" col-key="d" class="ve-table-body-td" style="text-align: left;">22</td>
          </tr>
          <tr row-key="23" class="ve-table-body-tr">
            <td rowspan="1" colspan="1" col-key="b" class="ve-table-body-td" style="text-align: left;">23</td>
            <td rowspan="1" colspan="1" col-key="c" class="ve-table-body-td" style="text-align: left;">23</td>
            <td rowspan="1" colspan="1" col-key="d" class="ve-table-body-td" style="text-align: left;">23</td>
          </tr>
          <tr row-key="24" class="ve-table-body-tr">
            <td rowspan="1" colspan="1" col-key="b" class="ve-table-body-td" style="text-align: left;">24</td>
            <td rowspan="1" colspan="1" col-key="c" class="ve-table-body-td" style="text-align: left;">24</td>
            <td rowspan="1" colspan="1" col-key="d" class="ve-table-body-td" style="text-align: left;">24</td>
          </tr>
          <tr row-key="25" class="ve-table-body-tr">
            <td rowspan="1" colspan="1" col-key="b" class="ve-table-body-td" style="text-align: left;">25</td>
            <td rowspan="1" colspan="1" col-key="c" class="ve-table-body-td" style="text-align: left;">25</td>
            <td rowspan="1" colspan="1" col-key="d" class="ve-table-body-td" style="text-align: left;">25</td>
          </tr>
        </tbody>
        <tfoot class="ve-table-fixed-footer ve-table-footer"></tfoot>
      </table>
      <div class="ve-table-selection-wrapper">
        <div class="ve-table-selection-fixed-left"></div>
        <div class="ve-table-selection-middle"></div>
        <div class="ve-table-selection-fixed-right"></div>
      </div>
    </div>
  </div>
  <div class="ve-table-edit-input-container" style="top: 0px; left: 0px; height: 1px; z-index: -1; opacity: 0;"><textarea tabindex="-1" class="ve-table-edit-input"></textarea></div>
</div>
`;

exports[`veTable virtual scroll virtual scroll palceholder 1`] = `
<tr class="ve-table-body-tr ve-table-body-row-scrolling">
  <td colspan="1"></td>
</tr>
`;
